// Jest Snapshot v1, https://goo.gl/fbAQLP

exports[`App Component Renders according to snapshot 1`] = `
<div>
  <div
    className="container"
  >
    <ArtistImage
      img={Array []}
    />
    <ElapsedTime
      info={Array []}
    />
    <SongInfo
      song={Array []}
    />
    <PlayButton
      onToggle={[Function]}
      play={false}
    />
  </div>
</div>
`;

exports[`App Component should render correctly in "debug" mode 1`] = `
<div>
  <div
    className="container"
  >
    <ArtistImage
      img={Array []}
    />
    <ElapsedTime
      info={Array []}
    />
    <SongInfo
      song={Array []}
    />
    <PlayButton
      onToggle={[Function]}
      play={false}
    />
  </div>
</div>
`;
