// Jest Snapshot v1, https://goo.gl/fbAQLP

exports[`ElapsedTime Component should render ElapsedTime without throwing an error 1`] = `
<div
  className="Time-Container"
>
  <div
    className="Elapsed-time"
  >
    a few seconds ago
  </div>
  <button
    className="hashtag"
    type="submit"
  >
    # 
  </button>
</div>
`;

exports[`ElapsedTime Component should render correctly in "debug" mode 1`] = `
<div
  className="Time-Container"
>
  <div
    className="Elapsed-time"
  >
    a few seconds ago
  </div>
  <button
    className="hashtag"
    type="submit"
  >
    # 
  </button>
</div>
`;
